// Jest Snapshot v1, https://goo.gl/fbAQLP

exports[`class HelloWorld extends _react.Component {
    constructor(props) {
        super(props);this.





        changeLang = () => {
            let greeting;
            if (this.state.greeting === 'Hello') greeting = 'Bonjour';else
            greeting = 'Hello';
            this.setState({ greeting });
        };this.state = { greeting: 'Hello' };}

    render() {
        return (
            _react2.default.createElement('div', { className: 'HelloWorld', __source: { fileName: _jsxFileName, lineNumber: 21 }, __self: this },
                this.state.greeting, ' ', this.props.name,
                _react2.default.createElement('br', { __source: { fileName: _jsxFileName, lineNumber: 23 }, __self: this }),
                _react2.default.createElement('button', { className: 'changeLang', onClick: this.changeLang, __source: { fileName: _jsxFileName, lineNumber: 24 }, __self: this }, 'Change Language'),
                _react2.default.createElement('br', { __source: { fileName: _jsxFileName, lineNumber: 25 }, __self: this }),
                _react2.default.createElement('button', { className: 'remove', onClick: () => this.props.removeGreeting(this.props.name), __source: { fileName: _jsxFileName, lineNumber: 26 }, __self: this }, 'Remove Entry')));




    }} renders and matches snapshot 1`] = `
<div
  className="HelloWorld"
>
  Hello
   
  Person
  <br />
  <button
    className="changeLang"
    onClick={[Function]}
  >
    Change Language
  </button>
  <br />
  <button
    className="remove"
    onClick={[Function]}
  >
    Remove Entry
  </button>
</div>
`;
